main.c:103:5:main	16	static
main.c:187:6:SystemClock_Config	88	static
main.c:227:13:MX_ADC1_Init	24	static
main.c:277:13:MX_I2C1_Init	8	static
main.c:311:13:MX_GPIO_Init	48	static
main.c:358:7:vTaskTemperature	24	static
main.c:366:8:vTaskLight	24	static
main.c:375:8:vTaskGas	24	static
main.c:386:8:vTaskOLED	40	static
main.c:398:8:vTaskLEDControl	24	static
main.c:408:8:vTaskBuzzControl	24	static
main.c:429:6:HAL_TIM_PeriodElapsedCallback	16	static
main.c:446:6:Error_Handler	4	static,ignoring_inline_asm
