STM32F407_OLED_SSD1306_Driver.c:31:13:GPIO_Config	32	static
STM32F407_OLED_SSD1306_Driver.c:56:13:I2C_Config	16	static
STM32F407_OLED_SSD1306_Driver.c:85:6:OLED_SSD1306_Send_Command	32	static
STM32F407_OLED_SSD1306_Driver.c:109:6:OLED_SSD1306_Send_Data	32	static
STM32F407_OLED_SSD1306_Driver.c:131:6:OLED_SSD1306_Init	8	static
STM32F407_OLED_SSD1306_Driver.c:193:6:OLED_SSD1306_Fill	16	static
STM32F407_OLED_SSD1306_Driver.c:204:6:OLED_SSD1306_UpdateScreen	152	static
STM32F407_OLED_SSD1306_Driver.c:238:6:OLED_SSD1306_DrawPixel	16	static
STM32F407_OLED_SSD1306_Driver.c:271:6:OLED_SSD1306_GotoXY	16	static
STM32F407_OLED_SSD1306_Driver.c:288:6:OLED_SSD1306_Putc	32	static
STM32F407_OLED_SSD1306_Driver.c:333:6:OLED_SSD1306_Puts	24	static
STM32F407_OLED_SSD1306_Driver.c:366:6:OLED_SSD1306_DrawLine	40	static
STM32F407_OLED_SSD1306_Driver.c:485:6:OLED_SSD1306_DrawRectangle	32	static
STM32F407_OLED_SSD1306_Driver.c:525:6:OLED_SSD1306_DrawFilledRectangle	40	static
STM32F407_OLED_SSD1306_Driver.c:567:6:OLED_SSD1306_DrawTriangle	32	static
STM32F407_OLED_SSD1306_Driver.c:589:6:OLED_SSD1306_DrawFilledTriangle	64	static
STM32F407_OLED_SSD1306_Driver.c:671:6:OLED_SSD1306_DrawCircle	40	static
STM32F407_OLED_SSD1306_Driver.c:721:6:OLED_SSD1306_DrawFilledCircle	48	static
STM32F407_OLED_SSD1306_Driver.c:759:7:SysTick_handler	8	static
